This is pdfTeX, Version 3.14159265-2.6-1.40.16 (Web2C 2015) (preloaded format=pdflatex)
 restricted \write18 enabled.
entering extended mode
(./Project.tex
LaTeX2e <2015/01/01> patch level 2
Babel <3.9l> and hyphenation patterns for 79 languages loaded.
(/usr/local/share/texmf-dist/tex/latex/base/report.cls
Document Class: report 2014/09/29 v1.4h Standard LaTeX document class
(/usr/local/share/texmf-dist/tex/latex/base/size12.clo))
(/usr/local/share/texmf-dist/tex/latex/amsfonts/amssymb.sty
(/usr/local/share/texmf-dist/tex/latex/amsfonts/amsfonts.sty))
(/usr/local/share/texmf-dist/tex/latex/amsmath/amsmath.sty
For additional information on amsmath, use the `?' option.
(/usr/local/share/texmf-dist/tex/latex/amsmath/amstext.sty
(/usr/local/share/texmf-dist/tex/latex/amsmath/amsgen.sty))
(/usr/local/share/texmf-dist/tex/latex/amsmath/amsbsy.sty)
(/usr/local/share/texmf-dist/tex/latex/amsmath/amsopn.sty))
(/usr/local/share/texmf-dist/tex/latex/amscls/amsthm.sty)
(/usr/local/share/texmf-dist/tex/latex/cmbright/cmbright.sty
(/usr/local/share/texmf-dist/tex/latex/cmbright/ot1cmbr.fd))
(/usr/local/share/texmf-dist/tex/latex/graphics/graphicx.sty
(/usr/local/share/texmf-dist/tex/latex/graphics/keyval.sty)
(/usr/local/share/texmf-dist/tex/latex/graphics/graphics.sty
(/usr/local/share/texmf-dist/tex/latex/graphics/trig.sty)
(/usr/local/share/texmf-dist/tex/latex/latexconfig/graphics.cfg)
(/usr/local/share/texmf-dist/tex/latex/pdftex-def/pdftex.def
(/usr/local/share/texmf-dist/tex/generic/oberdiek/infwarerr.sty)
(/usr/local/share/texmf-dist/tex/generic/oberdiek/ltxcmds.sty))))
(./bbkproject.sty) (/usr/local/share/texmf-dist/tex/latex/hyperref/hyperref.sty
(/usr/local/share/texmf-dist/tex/generic/oberdiek/hobsub-hyperref.sty
(/usr/local/share/texmf-dist/tex/generic/oberdiek/hobsub-generic.sty))
(/usr/local/share/texmf-dist/tex/generic/ifxetex/ifxetex.sty)
(/usr/local/share/texmf-dist/tex/latex/oberdiek/auxhook.sty)
(/usr/local/share/texmf-dist/tex/latex/oberdiek/kvoptions.sty)
(/usr/local/share/texmf-dist/tex/latex/hyperref/pd1enc.def)
(/usr/local/share/texmf-dist/tex/latex/latexconfig/hyperref.cfg)
(/usr/local/share/texmf-dist/tex/latex/url/url.sty))

Package hyperref Message: Driver (autodetected): hpdftex.

(/usr/local/share/texmf-dist/tex/latex/hyperref/hpdftex.def
(/usr/local/share/texmf-dist/tex/latex/oberdiek/rerunfilecheck.sty))
(./Project.aux) (/usr/local/share/texmf-dist/tex/context/base/supp-pdf.mkii
[Loading MPS to PDF converter (version 2006.09.02).]
) (/usr/local/share/texmf-dist/tex/latex/oberdiek/epstopdf-base.sty
(/usr/local/share/texmf-dist/tex/latex/oberdiek/grfext.sty)
(/usr/local/share/texmf-dist/tex/latex/latexconfig/epstopdf-sys.cfg))
(/usr/local/share/texmf-dist/tex/latex/hyperref/nameref.sty
(/usr/local/share/texmf-dist/tex/generic/oberdiek/gettitlestring.sty))
(./Project.out) (./Project.out)

LaTeX Font Warning: Font shape `OT1/cmbr/m/sc' undefined
(Font)              using `OT1/cmbr/m/n' instead on input line 31.

(/usr/local/share/texmf-dist/tex/latex/cmbright/omlcmbrm.fd)
(/usr/local/share/texmf-dist/tex/latex/cmbright/omscmbrs.fd) [1{/usr/local/shar
e/texmf-dist/fonts/map/pdftex/updmap/pdftex.map}] (./Project.toc)
Creating/including list of figures
[2] (./Project.lof) [3]
Preface:Abstract

Underfull \hbox (badness 10000) in paragraph at lines 31--31

[4]
Preface:Declaration
[5]
Chapter 1.
Chapter running head: Chapter 1. Introduction
[6]
Chapter 2.
Chapter running head: Chapter 2. Riemann Surfaces
Section running head: 2.1. Basic Definitions
(/usr/local/share/texmf-dist/tex/latex/cmbright/omscmbr.fd) [7]
Section running head: 2.2. Algebraic Curves
Section running head: 2.3. Proper Discontinuous Group Actions
[8] [9]
Chapter 3.
Chapter running head: Chapter 3. Die Wende
[10]
Underfull \hbox (badness 3039) in paragraph at lines 135--136
[]\OT1/cmbr/m/n/12 MacTutor His-tory of Math-e-mat-ics Archive, at https://math
shistory.st-
[11] (./Project.aux)

LaTeX Font Warning: Some font shapes were not available, defaults substituted.

 )
(see the transcript file for additional information)</usr/local/share/texmf-dis
t/fonts/type1/public/amsfonts/cm/cmex10.pfb></usr/local/share/texmf-dist/fonts/
type1/public/amsfonts/cm/cmr12.pfb></usr/local/share/texmf-dist/fonts/type1/pub
lic/hfbright/hfbr10.pfb></usr/local/share/texmf-dist/fonts/type1/public/hfbrigh
t/hfbr8.pfb></usr/local/share/texmf-dist/fonts/type1/public/hfbright/hfbrbs10.p
fb></usr/local/share/texmf-dist/fonts/type1/public/hfbright/hfbrbx10.pfb></usr/
local/share/texmf-dist/fonts/type1/public/hfbright/hfbrmi10.pfb></usr/local/sha
re/texmf-dist/fonts/type1/public/hfbright/hfbrmi8.pfb></usr/local/share/texmf-d
ist/fonts/type1/public/hfbright/hfbrsl10.pfb></usr/local/share/texmf-dist/fonts
/type1/public/hfbright/hfbrsy10.pfb></usr/local/share/texmf-dist/fonts/type1/pu
blic/hfbright/hfbrsy8.pfb>
Output written on Project.pdf (11 pages, 120597 bytes).
Transcript written on Project.log.
